%!Adobe-FontList 1.25
%Locale:0x409

%BeginFont
Handler:DirectoryHandler
FontType:Type1
FontName:AcuminVariableConcept
FamilyName:Acumin Variable Concept
StyleName:Default
MenuName:Acumin Variable Concept
FamilyPrefix:AcuminConcept
StyleBits:0
WeightClass:275
WidthClass:5
AngleClass:0
FullName:Acumin Variable Concept Default
WritingScript:Roman
OutlineFileName:/Users/jonathanmead/Desktop/PS/SLNZ_Have Your Say_Feb2026/Document fonts/AcuminVariableConcept.otf
DataFormat:sfntData
UsesStandardEncoding:yes
isCFF:yes
hasSVG:no
hasSBIX:no
hasCOLR:no
VariableFontType:CFF2VariableFont
FileLength:1029036
FileModTime:791692951
NameArray:0,Win,1,Acumin Variable Concept
%EndFont

%BeginFont
Handler:DirectoryHandler
FontType:Invalid
OutlineFileName:/Users/jonathanmead/Desktop/PS/SLNZ_Have Your Say_Feb2026/Document fonts/AdobeFnt25.lst
FileLength:1987
FileModTime:794430991
%EndFont

%BeginFont
Handler:DirectoryHandler
FontType:TrueType
FontName:Arial-Black
FamilyName:Arial Black
StyleName:Regular
MenuName:Arial Black
StyleBits:0
WeightClass:900
WidthClass:5
AngleClass:0
FullName:Arial Black
WritingScript:Roman
OutlineFileName:/Users/jonathanmead/Desktop/PS/SLNZ_Have Your Say_Feb2026/Document fonts/Arial Black.ttf
DataFormat:sfntData
hasSVG:no
hasSBIX:no
hasCOLR:no
VariableFontType:NonVariableFont
FileLength:122556
FileModTime:785492277
NameArray:0,Mac,4,Arial Black
NameArray:0,Win,1,Arial Black
%EndFont

%BeginFont
Handler:DirectoryHandler
FontType:Type1
FontName:MinionPro-Regular
FamilyName:Minion Pro
StyleName:Regular
MenuName:Minion Pro
StyleBits:0
WeightClass:400
WidthClass:5
AngleClass:0
FullName:Minion Pro
WritingScript:Roman
OutlineFileName:/Users/jonathanmead/Desktop/PS/SLNZ_Have Your Say_Feb2026/Document fonts/MinionPro-Regular.otf
DataFormat:sfntData
UsesStandardEncoding:yes
isCFF:yes
hasSVG:no
hasSBIX:no
hasCOLR:no
VariableFontType:NonVariableFont
FileLength:218640
FileModTime:791692950
DesignSize:110
NameArray:0,Mac,4,Minion Pro
NameArray:0,Win,1,Minion Pro
%EndFont

